Copyright 1986-2018 Xilinx, Inc. All Rights Reserved.
--------------------------------------------------------------------------------------------
| Tool Version : Vivado v.2018.2.1 (win64) Build 2288692 Thu Jul 26 18:24:02 MDT 2018
| Date         : Thu Dec  2 20:32:46 2021
| Host         : pcetu-136 running 64-bit major release  (build 9200)
| Command      : report_control_sets -verbose -file HDMI_bd_wrapper_control_sets_placed.rpt
| Design       : HDMI_bd_wrapper
| Device       : xc7z020
--------------------------------------------------------------------------------------------

Control Set Information

Table of Contents
-----------------
1. Summary
2. Histogram
3. Flip-Flop Distribution
4. Detailed Control Set Information

1. Summary
----------

+----------------------------------------------------------+-------+
|                          Status                          | Count |
+----------------------------------------------------------+-------+
| Number of unique control sets                            |    62 |
| Unused register locations in slices containing registers |   166 |
+----------------------------------------------------------+-------+


2. Histogram
------------

+--------+--------------+
| Fanout | Control Sets |
+--------+--------------+
|      2 |            1 |
|      4 |            5 |
|      8 |            3 |
|     10 |           11 |
|     14 |            3 |
|    16+ |           39 |
+--------+--------------+


3. Flip-Flop Distribution
-------------------------

+--------------+-----------------------+------------------------+-----------------+--------------+
| Clock Enable | Synchronous Set/Reset | Asynchronous Set/Reset | Total Registers | Total Slices |
+--------------+-----------------------+------------------------+-----------------+--------------+
| No           | No                    | No                     |             608 |          103 |
| No           | No                    | Yes                    |             234 |           46 |
| No           | Yes                   | No                     |             222 |           33 |
| Yes          | No                    | No                     |              86 |           15 |
| Yes          | No                    | Yes                    |            6996 |         1311 |
| Yes          | Yes                   | No                     |             296 |           38 |
+--------------+-----------------------+------------------------+-----------------+--------------+


4. Detailed Control Set Information
-----------------------------------

+-----------------------------------------------------------+---------------------------------------------------------------------------------------------------------------+-------------------------------------------------------------------------------------------+------------------+----------------+
|                        Clock Signal                       |                                                 Enable Signal                                                 |                                      Set/Reset Signal                                     | Slice Load Count | Bel Load Count |
+-----------------------------------------------------------+---------------------------------------------------------------------------------------------------------------+-------------------------------------------------------------------------------------------+------------------+----------------+
|  HDMI_bd_i/clk_wiz_0/inst/clk_out1                        |                                                                                                               | HDMI_bd_i/dvi2rgb_0/U0/TMDS_ClockingX/RdyLostReset/SyncAsyncx/oSyncStages[1]              |                1 |              2 |
|  HDMI_bd_i/dvi2rgb_0/U0/TMDS_ClockingX/oSyncStages_reg[1] |                                                                                                               | HDMI_bd_i/dvi2rgb_0/U0/TMDS_ClockingX/in0                                                 |                1 |              4 |
|  HDMI_bd_i/clk_wiz_0/inst/clk_out1                        |                                                                                                               | HDMI_bd_i/dvi2rgb_0/U0/TMDS_ClockingX/LockLostReset/SyncAsyncx/oSyncStages[1]             |                1 |              4 |
|  HDMI_bd_i/clk_wiz_0/inst/clk_out1                        |                                                                                                               | reset_IBUF                                                                                |                1 |              4 |
|  HDMI_bd_i/dvi2rgb_0/U0/GenerateBUFG.ResyncToBUFG_X/CLK   |                                                                                                               | HDMI_bd_i/rgb2dvi_0/U0/ClockGenInternal.ClockGenX/in0                                     |                1 |              4 |
|  HDMI_bd_i/clk_wiz_0/inst/clk_out1                        |                                                                                                               | HDMI_bd_i/dvi2rgb_0/U0/TMDS_ClockingX/RdyLostReset/aRst_int                               |                1 |              4 |
|  HDMI_bd_i/clk_wiz_0/inst/clk_out1                        | HDMI_bd_i/dvi2rgb_0/U0/GenerateDDC.DDC_EEPROM/I2C_SlaveController/GlitchF_SDA/Filter.cntPeriods[3]_i_2_n_0    | HDMI_bd_i/dvi2rgb_0/U0/GenerateDDC.DDC_EEPROM/I2C_SlaveController/SyncSDA/SS[0]           |                1 |              8 |
|  HDMI_bd_i/clk_wiz_0/inst/clk_out1                        | HDMI_bd_i/dvi2rgb_0/U0/GenerateDDC.DDC_EEPROM/I2C_SlaveController/FSM_onehot_sState_reg[0]                    |                                                                                           |                1 |              8 |
|  HDMI_bd_i/clk_wiz_0/inst/clk_out1                        | HDMI_bd_i/dvi2rgb_0/U0/GenerateDDC.DDC_EEPROM/I2C_SlaveController/GlitchF_SCL/Filter.cntPeriods[3]_i_2__0_n_0 | HDMI_bd_i/dvi2rgb_0/U0/GenerateDDC.DDC_EEPROM/I2C_SlaveController/SyncSCL/SS[0]           |                1 |              8 |
|  HDMI_bd_i/dvi2rgb_0/U0/TMDS_ClockingX/oSyncStages_reg[1] | HDMI_bd_i/dvi2rgb_0/U0/DataDecoders[1].DecoderX/PhaseAlignX/pEyeOpenEn                                        | HDMI_bd_i/dvi2rgb_0/U0/DataDecoders[1].DecoderX/PhaseAlignX/pEyeOpenRst                   |                2 |             10 |
|  HDMI_bd_i/dvi2rgb_0/U0/GenerateBUFG.ResyncToBUFG_X/CLK   |                                                                                                               | HDMI_bd_i/rgb2dvi_0/U0/ClockGenInternal.ClockGenX/LockLostReset/SyncAsyncx/oSyncStages[1] |                1 |             10 |
|  HDMI_bd_i/dvi2rgb_0/U0/TMDS_ClockingX/oSyncStages_reg[1] | HDMI_bd_i/dvi2rgb_0/U0/DataDecoders[0].DecoderX/ChannelBondX/pRdEn                                            | HDMI_bd_i/dvi2rgb_0/U0/DataDecoders[1].DecoderX/PhaseAlignX/pMeRdy_int_reg                |                1 |             10 |
|  HDMI_bd_i/dvi2rgb_0/U0/TMDS_ClockingX/oSyncStages_reg[1] | HDMI_bd_i/dvi2rgb_0/U0/DataDecoders[0].DecoderX/PhaseAlignX/pEyeOpenEn                                        | HDMI_bd_i/dvi2rgb_0/U0/DataDecoders[0].DecoderX/PhaseAlignX/pEyeOpenRst                   |                1 |             10 |
|  HDMI_bd_i/dvi2rgb_0/U0/TMDS_ClockingX/oSyncStages_reg[1] | HDMI_bd_i/dvi2rgb_0/U0/DataDecoders[0].DecoderX/PhaseAlignX/pCenterTap[5]_i_1__1_n_0                          |                                                                                           |                3 |             10 |
|  HDMI_bd_i/clk_wiz_0/inst/clk_out1                        | HDMI_bd_i/dvi2rgb_0/U0/TMDS_ClockingX/rDlyRstCnt[4]_i_1_n_0                                                   | HDMI_bd_i/dvi2rgb_0/U0/TMDS_ClockingX/LockLostReset/SyncAsyncx/oSyncStages[1]             |                1 |             10 |
|  HDMI_bd_i/dvi2rgb_0/U0/TMDS_ClockingX/oSyncStages_reg[1] | HDMI_bd_i/dvi2rgb_0/U0/DataDecoders[1].DecoderX/ChannelBondX/pRdEn                                            | HDMI_bd_i/dvi2rgb_0/U0/DataDecoders[1].DecoderX/PhaseAlignX/pMeRdy_int_reg                |                2 |             10 |
|  HDMI_bd_i/dvi2rgb_0/U0/TMDS_ClockingX/oSyncStages_reg[1] | HDMI_bd_i/dvi2rgb_0/U0/DataDecoders[2].DecoderX/ChannelBondX/pRdEn                                            | HDMI_bd_i/dvi2rgb_0/U0/DataDecoders[1].DecoderX/PhaseAlignX/pMeRdy_int_reg                |                2 |             10 |
|  HDMI_bd_i/dvi2rgb_0/U0/TMDS_ClockingX/oSyncStages_reg[1] | HDMI_bd_i/dvi2rgb_0/U0/DataDecoders[2].DecoderX/PhaseAlignX/pEyeOpenEn                                        | HDMI_bd_i/dvi2rgb_0/U0/DataDecoders[2].DecoderX/PhaseAlignX/pEyeOpenRst                   |                2 |             10 |
|  HDMI_bd_i/dvi2rgb_0/U0/TMDS_ClockingX/oSyncStages_reg[1] | HDMI_bd_i/dvi2rgb_0/U0/DataDecoders[2].DecoderX/PhaseAlignX/pCenterTap[5]_i_1_n_0                             |                                                                                           |                2 |             10 |
|  HDMI_bd_i/dvi2rgb_0/U0/TMDS_ClockingX/oSyncStages_reg[1] | HDMI_bd_i/dvi2rgb_0/U0/DataDecoders[1].DecoderX/PhaseAlignX/pCenterTap[5]_i_1__0_n_0                          |                                                                                           |                3 |             10 |
|  HDMI_bd_i/dvi2rgb_0/U0/TMDS_ClockingX/oSyncStages_reg[1] |                                                                                                               | HDMI_bd_i/dvi2rgb_0/U0/DataDecoders[0].DecoderX/PhaseAlignX/pCtlTknRst                    |                1 |             14 |
|  HDMI_bd_i/dvi2rgb_0/U0/TMDS_ClockingX/oSyncStages_reg[1] |                                                                                                               | HDMI_bd_i/dvi2rgb_0/U0/DataDecoders[1].DecoderX/PhaseAlignX/pCtlTknRst                    |                2 |             14 |
|  HDMI_bd_i/dvi2rgb_0/U0/TMDS_ClockingX/oSyncStages_reg[1] |                                                                                                               | HDMI_bd_i/dvi2rgb_0/U0/DataDecoders[2].DecoderX/PhaseAlignX/pCtlTknRst                    |                3 |             14 |
|  HDMI_bd_i/dvi2rgb_0/U0/TMDS_ClockingX/oSyncStages_reg[1] |                                                                                                               | HDMI_bd_i/dvi2rgb_0/U0/DataDecoders[2].DecoderX/ChannelBondX/SR[0]                        |                2 |             16 |
|  HDMI_bd_i/dvi2rgb_0/U0/TMDS_ClockingX/oSyncStages_reg[1] |                                                                                                               | HDMI_bd_i/dvi2rgb_0/U0/DataDecoders[1].DecoderX/ChannelBondX/pDataIn_reg[0][0]            |                3 |             16 |
|  HDMI_bd_i/clk_wiz_0/inst/clk_out1                        | HDMI_bd_i/dvi2rgb_0/U0/GenerateDDC.DDC_EEPROM/I2C_SlaveController/dataByte[7]_i_1_n_0                         |                                                                                           |                3 |             16 |
|  HDMI_bd_i/clk_wiz_0/inst/clk_out1                        |                                                                                                               | HDMI_bd_i/dvi2rgb_0/U0/LockLostReset/SyncAsyncx/oSyncStages[1]                            |                6 |             18 |
|  HDMI_bd_i/dvi2rgb_0/U0/GenerateBUFG.ResyncToBUFG_X/CLK   |                                                                                                               | HDMI_bd_i/rgb2dvi_0/U0/DataEncoders[0].DataEncoder/pDataOutRaw[9]_i_1__1_n_0              |                3 |             20 |
|  HDMI_bd_i/dvi2rgb_0/U0/TMDS_ClockingX/oSyncStages_reg[1] |                                                                                                               | HDMI_bd_i/dvi2rgb_0/U0/DataDecoders[0].DecoderX/ChannelBondX/SR[0]                        |                3 |             22 |
|  HDMI_bd_i/dvi2rgb_0/U0/TMDS_ClockingX/oSyncStages_reg[1] | HDMI_bd_i/dvi2rgb_0/U0/DataDecoders[1].DecoderX/PhaseAlignX/pState[10]_i_1__0_n_0                             | HDMI_bd_i/dvi2rgb_0/U0/DataDecoders[1].DecoderX/pAlignRst_reg_n_0                         |                3 |             22 |
|  HDMI_bd_i/dvi2rgb_0/U0/TMDS_ClockingX/oSyncStages_reg[1] | HDMI_bd_i/dvi2rgb_0/U0/DataDecoders[2].DecoderX/PhaseAlignX/pState[10]_i_1_n_0                                | HDMI_bd_i/dvi2rgb_0/U0/DataDecoders[2].DecoderX/pAlignRst_reg_n_0                         |                2 |             22 |
|  HDMI_bd_i/dvi2rgb_0/U0/TMDS_ClockingX/oSyncStages_reg[1] | HDMI_bd_i/dvi2rgb_0/U0/DataDecoders[0].DecoderX/PhaseAlignX/pState[10]_i_1__1_n_0                             | HDMI_bd_i/dvi2rgb_0/U0/DataDecoders[0].DecoderX/pAlignRst_reg_n_0                         |                2 |             22 |
|  HDMI_bd_i/dvi2rgb_0/U0/TMDS_ClockingX/oSyncStages_reg[1] |                                                                                                               | HDMI_bd_i/dvi2rgb_0/U0/LockLostReset/SyncAsyncx/oSyncStages[1]                            |                8 |             24 |
|  HDMI_bd_i/clk_wiz_0/inst/clk_out1                        | HDMI_bd_i/dvi2rgb_0/U0/GenerateDDC.DDC_EEPROM/I2C_SlaveController/E[0]                                        |                                                                                           |                3 |             32 |
|  HDMI_bd_i/dvi2rgb_0/U0/TMDS_ClockingX/oSyncStages_reg[1] |                                                                                                               | HDMI_bd_i/dvi2rgb_0/U0/DataDecoders[1].DecoderX/PhaseAlignX/pMeRdy_int_reg                |                4 |             42 |
|  HDMI_bd_i/clk_wiz_0/inst/clk_out1                        | HDMI_bd_i/dvi2rgb_0/U0/DataDecoders[1].DecoderX/rTimeoutCnt[0]_i_1__0_n_0                                     | HDMI_bd_i/dvi2rgb_0/U0/DataDecoders[1].DecoderX/SyncBaseRst/SyncAsyncx/oSyncStages[1]     |                6 |             48 |
|  HDMI_bd_i/clk_wiz_0/inst/clk_out1                        | HDMI_bd_i/dvi2rgb_0/U0/DataDecoders[2].DecoderX/rTimeoutCnt[0]_i_1_n_0                                        | HDMI_bd_i/dvi2rgb_0/U0/DataDecoders[2].DecoderX/SyncBaseRst/SyncAsyncx/oSyncStages[1]     |                6 |             48 |
|  HDMI_bd_i/clk_wiz_0/inst/clk_out1                        | HDMI_bd_i/dvi2rgb_0/U0/DataDecoders[0].DecoderX/rTimeoutCnt[0]_i_1__1_n_0                                     | HDMI_bd_i/dvi2rgb_0/U0/DataDecoders[0].DecoderX/SyncBaseRst/SyncAsyncx/oSyncStages[1]     |                6 |             48 |
|  HDMI_bd_i/dvi2rgb_0/U0/GenerateBUFG.ResyncToBUFG_X/CLK   |                                                                                                               | HDMI_bd_i/rgb2dvi_0/U0/DataEncoders[0].DataEncoder/SR[0]                                  |               12 |             64 |
|  HDMI_bd_i/clk_wiz_0/inst/clk_out1                        |                                                                                                               |                                                                                           |               22 |             72 |
|  HDMI_bd_i/dvi2rgb_0/U0/TMDS_ClockingX/oSyncStages_reg[1] | HDMI_bd_i/dvi2rgb_0/U0/DataDecoders[0].DecoderX/PhaseAlignX/pAllVld                                           |                                                                                           |                6 |             96 |
|  HDMI_bd_i/dvi2rgb_0/U0/GenerateBUFG.ResyncToBUFG_X/CLK   |                                                                                                               | reset_IBUF                                                                                |               25 |            160 |
|  HDMI_bd_i/dvi2rgb_0/U0/GenerateBUFG.ResyncToBUFG_X/CLK   |                                                                                                               |                                                                                           |               39 |            250 |
|  HDMI_bd_i/dvi2rgb_0/U0/GenerateBUFG.ResyncToBUFG_X/CLK   | HDMI_bd_i/Main_Encryption_Modu_0/U0/encrypter3/intermediate_message_1[127]_i_1__1_n_0                         | reset_IBUF                                                                                |               63 |            256 |
|  HDMI_bd_i/dvi2rgb_0/U0/GenerateBUFG.ResyncToBUFG_X/CLK   | HDMI_bd_i/Main_Encryption_Modu_0/U0/encrypter3/intermediate_message_2[127]_i_1__1_n_0                         | reset_IBUF                                                                                |               71 |            256 |
|  HDMI_bd_i/dvi2rgb_0/U0/GenerateBUFG.ResyncToBUFG_X/CLK   | HDMI_bd_i/Main_Encryption_Modu_0/U0/encrypter3/intermediate_message_3[127]_i_1__1_n_0                         | reset_IBUF                                                                                |               57 |            256 |
|  HDMI_bd_i/dvi2rgb_0/U0/GenerateBUFG.ResyncToBUFG_X/CLK   | HDMI_bd_i/Main_Encryption_Modu_0/U0/encrypter1/intermediate_message_1[127]_i_1_n_0                            | reset_IBUF                                                                                |               51 |            256 |
|  HDMI_bd_i/dvi2rgb_0/U0/GenerateBUFG.ResyncToBUFG_X/CLK   | HDMI_bd_i/Main_Encryption_Modu_0/U0/encrypter2/intermediate_message_3[127]_i_1__0_n_0                         | reset_IBUF                                                                                |               45 |            256 |
|  HDMI_bd_i/dvi2rgb_0/U0/GenerateBUFG.ResyncToBUFG_X/CLK   | HDMI_bd_i/Main_Encryption_Modu_0/U0/encrypter1/intermediate_message_2[127]_i_1_n_0                            | reset_IBUF                                                                                |               53 |            256 |
|  HDMI_bd_i/dvi2rgb_0/U0/GenerateBUFG.ResyncToBUFG_X/CLK   | HDMI_bd_i/Main_Encryption_Modu_0/U0/encrypter1/intermediate_message_3[127]_i_1_n_0                            | reset_IBUF                                                                                |               43 |            256 |
|  HDMI_bd_i/dvi2rgb_0/U0/GenerateBUFG.ResyncToBUFG_X/CLK   | HDMI_bd_i/Main_Encryption_Modu_0/U0/encrypter2/intermediate_message_1[127]_i_1__0_n_0                         | reset_IBUF                                                                                |               41 |            256 |
|  HDMI_bd_i/dvi2rgb_0/U0/GenerateBUFG.ResyncToBUFG_X/CLK   | HDMI_bd_i/Main_Encryption_Modu_0/U0/encrypter2/intermediate_message_2[127]_i_1__0_n_0                         | reset_IBUF                                                                                |               55 |            256 |
|  HDMI_bd_i/dvi2rgb_0/U0/GenerateBUFG.ResyncToBUFG_X/CLK   | HDMI_bd_i/Main_Encryption_Modu_0/U0/encrypter2/o_data_ready_i_1__0_n_0                                        | reset_IBUF                                                                                |               43 |            258 |
|  HDMI_bd_i/dvi2rgb_0/U0/GenerateBUFG.ResyncToBUFG_X/CLK   | HDMI_bd_i/Main_Encryption_Modu_0/U0/encrypter3/o_data_ready_i_1__1_n_0                                        | reset_IBUF                                                                                |               48 |            258 |
|  HDMI_bd_i/dvi2rgb_0/U0/GenerateBUFG.ResyncToBUFG_X/CLK   | HDMI_bd_i/Main_Encryption_Modu_0/U0/encrypter1/o_data_ready_i_1_n_0                                           | reset_IBUF                                                                                |               42 |            258 |
|  HDMI_bd_i/dvi2rgb_0/U0/GenerateBUFG.ResyncToBUFG_X/CLK   | HDMI_bd_i/Main_Encryption_Modu_0/U0/encrypter1/delay_i_1_n_0                                                  | reset_IBUF                                                                                |              116 |            266 |
|  HDMI_bd_i/dvi2rgb_0/U0/GenerateBUFG.ResyncToBUFG_X/CLK   | HDMI_bd_i/Main_Encryption_Modu_0/U0/encrypter3/delay_i_1__1_n_0                                               | reset_IBUF                                                                                |              109 |            266 |
|  HDMI_bd_i/dvi2rgb_0/U0/GenerateBUFG.ResyncToBUFG_X/CLK   | HDMI_bd_i/Main_Encryption_Modu_0/U0/encrypter2/delay_i_1__0_n_0                                               | reset_IBUF                                                                                |              112 |            266 |
|  HDMI_bd_i/dvi2rgb_0/U0/TMDS_ClockingX/oSyncStages_reg[1] |                                                                                                               |                                                                                           |               44 |            292 |
|  HDMI_bd_i/dvi2rgb_0/U0/GenerateBUFG.ResyncToBUFG_X/CLK   | HDMI_bd_i/Main_Encryption_Modu_0/U0/inst_fsm/LOAD                                                             | HDMI_bd_i/dvi2rgb_0/U0/GenerateBUFG.ResyncToBUFG_X/vid_pHSync                             |              110 |            768 |
|  HDMI_bd_i/dvi2rgb_0/U0/GenerateBUFG.ResyncToBUFG_X/CLK   | HDMI_bd_i/Main_Encryption_Modu_0/U0/encrypter1/EN                                                             | HDMI_bd_i/dvi2rgb_0/U0/GenerateBUFG.ResyncToBUFG_X/vid_pHSync                             |               87 |            768 |
|  HDMI_bd_i/dvi2rgb_0/U0/GenerateBUFG.ResyncToBUFG_X/CLK   | HDMI_bd_i/dvi2rgb_0/U0/GenerateBUFG.ResyncToBUFG_X/vid_pVDE                                                   | HDMI_bd_i/dvi2rgb_0/U0/GenerateBUFG.ResyncToBUFG_X/vid_pHSync                             |              165 |           1584 |
+-----------------------------------------------------------+---------------------------------------------------------------------------------------------------------------+-------------------------------------------------------------------------------------------+------------------+----------------+


